// Jest Snapshot v1, https://goo.gl/fbAQLP

exports[`tests for <TopbarNav /> should match SnapShot 1`] = `
ShallowWrapper {
  Symbol(enzyme.__root__): [Circular],
  Symbol(enzyme.__unrendered__): <TopbarNav
    className=""
    id="test"
  />,
  Symbol(enzyme.__renderer__): Object {
    "batchedUpdates": [Function],
    "getNode": [Function],
    "render": [Function],
    "simulateEvent": [Function],
    "unmount": [Function],
  },
  Symbol(enzyme.__node__): Object {
    "instance": null,
    "key": undefined,
    "nodeType": "host",
    "props": Object {
      "children": <List
        active={null}
        className=""
        focusFirst={true}
        id={null}
        isMulti={false}
        itemRole="listItem"
        onSelect={null}
        role="list"
        tabType="horizontal"
        type={null}
        wrap={false}
      />,
      "className": "cui-top-bar__nav",
    },
    "ref": null,
    "rendered": Object {
      "instance": null,
      "key": undefined,
      "nodeType": "class",
      "props": Object {
        "active": null,
        "children": null,
        "className": "",
        "focusFirst": true,
        "id": null,
        "isMulti": false,
        "itemRole": "listItem",
        "onSelect": null,
        "role": "list",
        "tabType": "horizontal",
        "type": null,
        "wrap": false,
      },
      "ref": null,
      "rendered": null,
      "type": [Function],
    },
    "type": "nav",
  },
  Symbol(enzyme.__nodes__): Array [
    Object {
      "instance": null,
      "key": undefined,
      "nodeType": "host",
      "props": Object {
        "children": <List
          active={null}
          className=""
          focusFirst={true}
          id={null}
          isMulti={false}
          itemRole="listItem"
          onSelect={null}
          role="list"
          tabType="horizontal"
          type={null}
          wrap={false}
        />,
        "className": "cui-top-bar__nav",
      },
      "ref": null,
      "rendered": Object {
        "instance": null,
        "key": undefined,
        "nodeType": "class",
        "props": Object {
          "active": null,
          "children": null,
          "className": "",
          "focusFirst": true,
          "id": null,
          "isMulti": false,
          "itemRole": "listItem",
          "onSelect": null,
          "role": "list",
          "tabType": "horizontal",
          "type": null,
          "wrap": false,
        },
        "ref": null,
        "rendered": null,
        "type": [Function],
      },
      "type": "nav",
    },
  ],
  Symbol(enzyme.__options__): Object {
    "adapter": ReactFifteenAdapter {
      "options": Object {
        "lifecycles": Object {
          "componentDidUpdate": Object {
            "prevContext": true,
          },
        },
        "supportPrevContextArgumentOfComponentDidUpdate": true,
      },
    },
    "attachTo": undefined,
    "hydrateIn": undefined,
  },
}
`;
