// Jest Snapshot v1, https://goo.gl/fbAQLP

exports[`tests for <ContentItem /> should match SnapShot 1`] = `
ShallowWrapper {
  Symbol(enzyme.__root__): [Circular],
  Symbol(enzyme.__unrendered__): <ContentItem
    actionNode={null}
    aspect={null}
    className=""
    content={null}
    failed={null}
    fileSize=""
    icon=""
    isProtected={false}
    loading={false}
    style={null}
    subtitle=""
    title=""
    type="chat"
  />,
  Symbol(enzyme.__renderer__): Object {
    "batchedUpdates": [Function],
    "getNode": [Function],
    "render": [Function],
    "simulateEvent": [Function],
    "unmount": [Function],
  },
  Symbol(enzyme.__node__): Object {
    "instance": null,
    "key": undefined,
    "nodeType": "host",
    "props": Object {
      "children": <ChatContentItem
        actionNode={null}
        aspect={null}
        className=""
        content={null}
        fileSize=""
        isProtected={false}
        loading={false}
        style={null}
        title=""
        type="chat"
      />,
    },
    "ref": null,
    "rendered": Object {
      "instance": null,
      "key": undefined,
      "nodeType": "function",
      "props": Object {
        "actionNode": null,
        "aspect": null,
        "className": "",
        "content": null,
        "fileSize": "",
        "isProtected": false,
        "loading": false,
        "style": null,
        "title": "",
        "type": "chat",
      },
      "ref": null,
      "rendered": null,
      "type": [Function],
    },
    "type": "div",
  },
  Symbol(enzyme.__nodes__): Array [
    Object {
      "instance": null,
      "key": undefined,
      "nodeType": "host",
      "props": Object {
        "children": <ChatContentItem
          actionNode={null}
          aspect={null}
          className=""
          content={null}
          fileSize=""
          isProtected={false}
          loading={false}
          style={null}
          title=""
          type="chat"
        />,
      },
      "ref": null,
      "rendered": Object {
        "instance": null,
        "key": undefined,
        "nodeType": "function",
        "props": Object {
          "actionNode": null,
          "aspect": null,
          "className": "",
          "content": null,
          "fileSize": "",
          "isProtected": false,
          "loading": false,
          "style": null,
          "title": "",
          "type": "chat",
        },
        "ref": null,
        "rendered": null,
        "type": [Function],
      },
      "type": "div",
    },
  ],
  Symbol(enzyme.__options__): Object {
    "adapter": ReactFifteenAdapter {
      "options": Object {
        "lifecycles": Object {
          "componentDidUpdate": Object {
            "prevContext": true,
          },
        },
        "supportPrevContextArgumentOfComponentDidUpdate": true,
      },
    },
    "attachTo": undefined,
    "hydrateIn": undefined,
  },
}
`;
